// Jest Snapshot v1, https://goo.gl/fbAQLP

exports[`TimePanel render: correct 12hours in the fixed time list 1`] = `
<div
  class="mx-time"
>
  <!---->
  <div
    class="mx-time-content"
  >
    <div
      class="mx-scrollbar"
      style="position: relative; overflow: hidden;"
    >
      <div
        class="mx-scrollbar-wrap"
        style="margin-right: -0px;"
      >
        
        
        <div
          class="mx-time-option"
        >
          08:30 AM
        </div>
        <div
          class="mx-time-option"
        >
          09:00 AM
        </div>
        <div
          class="mx-time-option"
        >
          09:30 AM
        </div>
        <div
          class="mx-time-option"
        >
          10:00 AM
        </div>
        <div
          class="mx-time-option"
        >
          10:30 AM
        </div>
        <div
          class="mx-time-option"
        >
          11:00 AM
        </div>
        <div
          class="mx-time-option"
        >
          11:30 AM
        </div>
        <div
          class="mx-time-option"
        >
          12:00 PM
        </div>
        <div
          class="mx-time-option active"
        >
          12:30 PM
        </div>
        <div
          class="mx-time-option"
        >
          01:00 PM
        </div>
        <div
          class="mx-time-option"
        >
          01:30 PM
        </div>
        <div
          class="mx-time-option"
        >
          02:00 PM
        </div>
        <div
          class="mx-time-option"
        >
          02:30 PM
        </div>
        <div
          class="mx-time-option"
        >
          03:00 PM
        </div>
        <div
          class="mx-time-option"
        >
          03:30 PM
        </div>
        <div
          class="mx-time-option"
        >
          04:00 PM
        </div>
        <div
          class="mx-time-option"
        >
          04:30 PM
        </div>
        <div
          class="mx-time-option"
        >
          05:00 PM
        </div>
        <div
          class="mx-time-option"
        >
          05:30 PM
        </div>
        <div
          class="mx-time-option"
        >
          06:00 PM
        </div>
        <div
          class="mx-time-option"
        >
          06:30 PM
        </div>
        
        
      </div>
      <div
        class="mx-scrollbar-track"
      >
        <div
          class="mx-scrollbar-thumb"
        />
      </div>
    </div>
  </div>
</div>
`;

exports[`TimePanel render: correct classes of the columns 1`] = `
<div
  class="mx-time"
>
  <!---->
  <div
    class="mx-time-content"
  >
    <div
      class="mx-time-columns"
    >
      
      <div
        class="mx-scrollbar mx-time-column"
        style="position: relative; overflow: hidden;"
      >
        <div
          class="mx-scrollbar-wrap"
          style="margin-right: -0px;"
        >
          
          <ul
            class="mx-time-list"
            data-type="hour"
          >
            
            <li
              class="mx-time-item active"
              data-value="1570164030000"
            >
              12
            </li>
            <li
              class="mx-time-item"
              data-value="1570167630000"
            >
              01
            </li>
            <li
              class="mx-time-item disabled"
              data-value="1570171230000"
            >
              02
            </li>
            <li
              class="mx-time-item disabled"
              data-value="1570174830000"
            >
              03
            </li>
            <li
              class="mx-time-item disabled"
              data-value="1570178430000"
            >
              04
            </li>
            <li
              class="mx-time-item disabled"
              data-value="1570182030000"
            >
              05
            </li>
            <li
              class="mx-time-item disabled"
              data-value="1570185630000"
            >
              06
            </li>
            <li
              class="mx-time-item disabled"
              data-value="1570189230000"
            >
              07
            </li>
            <li
              class="mx-time-item disabled"
              data-value="1570192830000"
            >
              08
            </li>
            <li
              class="mx-time-item disabled"
              data-value="1570196430000"
            >
              09
            </li>
            <li
              class="mx-time-item disabled"
              data-value="1570200030000"
            >
              10
            </li>
            <li
              class="mx-time-item disabled"
              data-value="1570203630000"
            >
              11
            </li>
            
          </ul>
          
        </div>
        <div
          class="mx-scrollbar-track"
        >
          <div
            class="mx-scrollbar-thumb"
          />
        </div>
      </div>
      <div
        class="mx-scrollbar mx-time-column"
        style="position: relative; overflow: hidden;"
      >
        <div
          class="mx-scrollbar-wrap"
          style="margin-right: -0px;"
        >
          
          <ul
            class="mx-time-list"
            data-type="minute"
          >
            
            <li
              class="mx-time-item"
              data-value="1570161630000"
            >
              00
            </li>
            <li
              class="mx-time-item"
              data-value="1570161690000"
            >
              01
            </li>
            <li
              class="mx-time-item"
              data-value="1570161750000"
            >
              02
            </li>
            <li
              class="mx-time-item"
              data-value="1570161810000"
            >
              03
            </li>
            <li
              class="mx-time-item"
              data-value="1570161870000"
            >
              04
            </li>
            <li
              class="mx-time-item"
              data-value="1570161930000"
            >
              05
            </li>
            <li
              class="mx-time-item"
              data-value="1570161990000"
            >
              06
            </li>
            <li
              class="mx-time-item"
              data-value="1570162050000"
            >
              07
            </li>
            <li
              class="mx-time-item"
              data-value="1570162110000"
            >
              08
            </li>
            <li
              class="mx-time-item"
              data-value="1570162170000"
            >
              09
            </li>
            <li
              class="mx-time-item"
              data-value="1570162230000"
            >
              10
            </li>
            <li
              class="mx-time-item"
              data-value="1570162290000"
            >
              11
            </li>
            <li
              class="mx-time-item"
              data-value="1570162350000"
            >
              12
            </li>
            <li
              class="mx-time-item"
              data-value="1570162410000"
            >
              13
            </li>
            <li
              class="mx-time-item"
              data-value="1570162470000"
            >
              14
            </li>
            <li
              class="mx-time-item"
              data-value="1570162530000"
            >
              15
            </li>
            <li
              class="mx-time-item"
              data-value="1570162590000"
            >
              16
            </li>
            <li
              class="mx-time-item"
              data-value="1570162650000"
            >
              17
            </li>
            <li
              class="mx-time-item"
              data-value="1570162710000"
            >
              18
            </li>
            <li
              class="mx-time-item"
              data-value="1570162770000"
            >
              19
            </li>
            <li
              class="mx-time-item"
              data-value="1570162830000"
            >
              20
            </li>
            <li
              class="mx-time-item"
              data-value="1570162890000"
            >
              21
            </li>
            <li
              class="mx-time-item"
              data-value="1570162950000"
            >
              22
            </li>
            <li
              class="mx-time-item"
              data-value="1570163010000"
            >
              23
            </li>
            <li
              class="mx-time-item"
              data-value="1570163070000"
            >
              24
            </li>
            <li
              class="mx-time-item"
              data-value="1570163130000"
            >
              25
            </li>
            <li
              class="mx-time-item"
              data-value="1570163190000"
            >
              26
            </li>
            <li
              class="mx-time-item"
              data-value="1570163250000"
            >
              27
            </li>
            <li
              class="mx-time-item"
              data-value="1570163310000"
            >
              28
            </li>
            <li
              class="mx-time-item"
              data-value="1570163370000"
            >
              29
            </li>
            <li
              class="mx-time-item"
              data-value="1570163430000"
            >
              30
            </li>
            <li
              class="mx-time-item"
              data-value="1570163490000"
            >
              31
            </li>
            <li
              class="mx-time-item"
              data-value="1570163550000"
            >
              32
            </li>
            <li
              class="mx-time-item"
              data-value="1570163610000"
            >
              33
            </li>
            <li
              class="mx-time-item"
              data-value="1570163670000"
            >
              34
            </li>
            <li
              class="mx-time-item"
              data-value="1570163730000"
            >
              35
            </li>
            <li
              class="mx-time-item"
              data-value="1570163790000"
            >
              36
            </li>
            <li
              class="mx-time-item"
              data-value="1570163850000"
            >
              37
            </li>
            <li
              class="mx-time-item"
              data-value="1570163910000"
            >
              38
            </li>
            <li
              class="mx-time-item"
              data-value="1570163970000"
            >
              39
            </li>
            <li
              class="mx-time-item active"
              data-value="1570164030000"
            >
              40
            </li>
            <li
              class="mx-time-item"
              data-value="1570164090000"
            >
              41
            </li>
            <li
              class="mx-time-item"
              data-value="1570164150000"
            >
              42
            </li>
            <li
              class="mx-time-item"
              data-value="1570164210000"
            >
              43
            </li>
            <li
              class="mx-time-item"
              data-value="1570164270000"
            >
              44
            </li>
            <li
              class="mx-time-item"
              data-value="1570164330000"
            >
              45
            </li>
            <li
              class="mx-time-item"
              data-value="1570164390000"
            >
              46
            </li>
            <li
              class="mx-time-item"
              data-value="1570164450000"
            >
              47
            </li>
            <li
              class="mx-time-item"
              data-value="1570164510000"
            >
              48
            </li>
            <li
              class="mx-time-item"
              data-value="1570164570000"
            >
              49
            </li>
            <li
              class="mx-time-item"
              data-value="1570164630000"
            >
              50
            </li>
            <li
              class="mx-time-item"
              data-value="1570164690000"
            >
              51
            </li>
            <li
              class="mx-time-item"
              data-value="1570164750000"
            >
              52
            </li>
            <li
              class="mx-time-item"
              data-value="1570164810000"
            >
              53
            </li>
            <li
              class="mx-time-item"
              data-value="1570164870000"
            >
              54
            </li>
            <li
              class="mx-time-item"
              data-value="1570164930000"
            >
              55
            </li>
            <li
              class="mx-time-item"
              data-value="1570164990000"
            >
              56
            </li>
            <li
              class="mx-time-item"
              data-value="1570165050000"
            >
              57
            </li>
            <li
              class="mx-time-item"
              data-value="1570165110000"
            >
              58
            </li>
            <li
              class="mx-time-item"
              data-value="1570165170000"
            >
              59
            </li>
            
          </ul>
          
        </div>
        <div
          class="mx-scrollbar-track"
        >
          <div
            class="mx-scrollbar-thumb"
          />
        </div>
      </div>
      <div
        class="mx-scrollbar mx-time-column"
        style="position: relative; overflow: hidden;"
      >
        <div
          class="mx-scrollbar-wrap"
          style="margin-right: -0px;"
        >
          
          <ul
            class="mx-time-list"
            data-type="second"
          >
            
            <li
              class="mx-time-item"
              data-value="1570164000000"
            >
              00
            </li>
            <li
              class="mx-time-item"
              data-value="1570164001000"
            >
              01
            </li>
            <li
              class="mx-time-item"
              data-value="1570164002000"
            >
              02
            </li>
            <li
              class="mx-time-item"
              data-value="1570164003000"
            >
              03
            </li>
            <li
              class="mx-time-item"
              data-value="1570164004000"
            >
              04
            </li>
            <li
              class="mx-time-item"
              data-value="1570164005000"
            >
              05
            </li>
            <li
              class="mx-time-item"
              data-value="1570164006000"
            >
              06
            </li>
            <li
              class="mx-time-item"
              data-value="1570164007000"
            >
              07
            </li>
            <li
              class="mx-time-item"
              data-value="1570164008000"
            >
              08
            </li>
            <li
              class="mx-time-item"
              data-value="1570164009000"
            >
              09
            </li>
            <li
              class="mx-time-item"
              data-value="1570164010000"
            >
              10
            </li>
            <li
              class="mx-time-item"
              data-value="1570164011000"
            >
              11
            </li>
            <li
              class="mx-time-item"
              data-value="1570164012000"
            >
              12
            </li>
            <li
              class="mx-time-item"
              data-value="1570164013000"
            >
              13
            </li>
            <li
              class="mx-time-item"
              data-value="1570164014000"
            >
              14
            </li>
            <li
              class="mx-time-item"
              data-value="1570164015000"
            >
              15
            </li>
            <li
              class="mx-time-item"
              data-value="1570164016000"
            >
              16
            </li>
            <li
              class="mx-time-item"
              data-value="1570164017000"
            >
              17
            </li>
            <li
              class="mx-time-item"
              data-value="1570164018000"
            >
              18
            </li>
            <li
              class="mx-time-item"
              data-value="1570164019000"
            >
              19
            </li>
            <li
              class="mx-time-item"
              data-value="1570164020000"
            >
              20
            </li>
            <li
              class="mx-time-item"
              data-value="1570164021000"
            >
              21
            </li>
            <li
              class="mx-time-item"
              data-value="1570164022000"
            >
              22
            </li>
            <li
              class="mx-time-item"
              data-value="1570164023000"
            >
              23
            </li>
            <li
              class="mx-time-item"
              data-value="1570164024000"
            >
              24
            </li>
            <li
              class="mx-time-item"
              data-value="1570164025000"
            >
              25
            </li>
            <li
              class="mx-time-item"
              data-value="1570164026000"
            >
              26
            </li>
            <li
              class="mx-time-item"
              data-value="1570164027000"
            >
              27
            </li>
            <li
              class="mx-time-item"
              data-value="1570164028000"
            >
              28
            </li>
            <li
              class="mx-time-item"
              data-value="1570164029000"
            >
              29
            </li>
            <li
              class="mx-time-item active"
              data-value="1570164030000"
            >
              30
            </li>
            <li
              class="mx-time-item"
              data-value="1570164031000"
            >
              31
            </li>
            <li
              class="mx-time-item"
              data-value="1570164032000"
            >
              32
            </li>
            <li
              class="mx-time-item"
              data-value="1570164033000"
            >
              33
            </li>
            <li
              class="mx-time-item"
              data-value="1570164034000"
            >
              34
            </li>
            <li
              class="mx-time-item"
              data-value="1570164035000"
            >
              35
            </li>
            <li
              class="mx-time-item"
              data-value="1570164036000"
            >
              36
            </li>
            <li
              class="mx-time-item"
              data-value="1570164037000"
            >
              37
            </li>
            <li
              class="mx-time-item"
              data-value="1570164038000"
            >
              38
            </li>
            <li
              class="mx-time-item"
              data-value="1570164039000"
            >
              39
            </li>
            <li
              class="mx-time-item"
              data-value="1570164040000"
            >
              40
            </li>
            <li
              class="mx-time-item"
              data-value="1570164041000"
            >
              41
            </li>
            <li
              class="mx-time-item"
              data-value="1570164042000"
            >
              42
            </li>
            <li
              class="mx-time-item"
              data-value="1570164043000"
            >
              43
            </li>
            <li
              class="mx-time-item"
              data-value="1570164044000"
            >
              44
            </li>
            <li
              class="mx-time-item"
              data-value="1570164045000"
            >
              45
            </li>
            <li
              class="mx-time-item"
              data-value="1570164046000"
            >
              46
            </li>
            <li
              class="mx-time-item"
              data-value="1570164047000"
            >
              47
            </li>
            <li
              class="mx-time-item"
              data-value="1570164048000"
            >
              48
            </li>
            <li
              class="mx-time-item"
              data-value="1570164049000"
            >
              49
            </li>
            <li
              class="mx-time-item"
              data-value="1570164050000"
            >
              50
            </li>
            <li
              class="mx-time-item"
              data-value="1570164051000"
            >
              51
            </li>
            <li
              class="mx-time-item"
              data-value="1570164052000"
            >
              52
            </li>
            <li
              class="mx-time-item"
              data-value="1570164053000"
            >
              53
            </li>
            <li
              class="mx-time-item"
              data-value="1570164054000"
            >
              54
            </li>
            <li
              class="mx-time-item"
              data-value="1570164055000"
            >
              55
            </li>
            <li
              class="mx-time-item"
              data-value="1570164056000"
            >
              56
            </li>
            <li
              class="mx-time-item"
              data-value="1570164057000"
            >
              57
            </li>
            <li
              class="mx-time-item"
              data-value="1570164058000"
            >
              58
            </li>
            <li
              class="mx-time-item"
              data-value="1570164059000"
            >
              59
            </li>
            
          </ul>
          
        </div>
        <div
          class="mx-scrollbar-track"
        >
          <div
            class="mx-scrollbar-thumb"
          />
        </div>
      </div>
      <div
        class="mx-scrollbar mx-time-column"
        style="position: relative; overflow: hidden;"
      >
        <div
          class="mx-scrollbar-wrap"
          style="margin-right: -0px;"
        >
          
          <ul
            class="mx-time-list"
            data-type="ampm"
          >
            
            <li
              class="mx-time-item"
              data-value="1570120830000"
            >
              AM
            </li>
            <li
              class="mx-time-item active"
              data-value="1570164030000"
            >
              PM
            </li>
            
          </ul>
          
        </div>
        <div
          class="mx-scrollbar-track"
        >
          <div
            class="mx-scrollbar-thumb"
          />
        </div>
      </div>
      
    </div>
  </div>
</div>
`;

exports[`TimePanel render: correct classes of the fixed time list 1`] = `
<div
  class="mx-time"
>
  <!---->
  <div
    class="mx-time-content"
  >
    <div
      class="mx-scrollbar"
      style="position: relative; overflow: hidden;"
    >
      <div
        class="mx-scrollbar-wrap"
        style="margin-right: -0px;"
      >
        
        
        <div
          class="mx-time-option disabled"
        >
          08:30
        </div>
        <div
          class="mx-time-option disabled"
        >
          09:00
        </div>
        <div
          class="mx-time-option disabled"
        >
          09:30
        </div>
        <div
          class="mx-time-option"
        >
          10:00
        </div>
        <div
          class="mx-time-option"
        >
          10:30
        </div>
        <div
          class="mx-time-option"
        >
          11:00
        </div>
        <div
          class="mx-time-option"
        >
          11:30
        </div>
        <div
          class="mx-time-option"
        >
          12:00
        </div>
        <div
          class="mx-time-option active"
        >
          12:30
        </div>
        <div
          class="mx-time-option"
        >
          13:00
        </div>
        <div
          class="mx-time-option"
        >
          13:30
        </div>
        <div
          class="mx-time-option"
        >
          14:00
        </div>
        <div
          class="mx-time-option"
        >
          14:30
        </div>
        <div
          class="mx-time-option"
        >
          15:00
        </div>
        <div
          class="mx-time-option"
        >
          15:30
        </div>
        <div
          class="mx-time-option"
        >
          16:00
        </div>
        <div
          class="mx-time-option"
        >
          16:30
        </div>
        <div
          class="mx-time-option"
        >
          17:00
        </div>
        <div
          class="mx-time-option"
        >
          17:30
        </div>
        <div
          class="mx-time-option"
        >
          18:00
        </div>
        <div
          class="mx-time-option"
        >
          18:30
        </div>
        
        
      </div>
      <div
        class="mx-scrollbar-track"
      >
        <div
          class="mx-scrollbar-thumb"
        />
      </div>
    </div>
  </div>
</div>
`;

exports[`TimePanel render: correct columns by format 1`] = `
<div
  class="mx-time"
>
  <!---->
  <div
    class="mx-time-content"
  >
    <div
      class="mx-time-columns"
    >
      
      <div
        class="mx-scrollbar mx-time-column"
        style="position: relative; overflow: hidden;"
      >
        <div
          class="mx-scrollbar-wrap"
          style="margin-right: -0px;"
        >
          
          <ul
            class="mx-time-list"
            data-type="hour"
          >
            
            <li
              class="mx-time-item"
              data-value="1570147200000"
            >
              08
            </li>
            <li
              class="mx-time-item"
              data-value="1570150800000"
            >
              09
            </li>
            <li
              class="mx-time-item"
              data-value="1570154400000"
            >
              10
            </li>
            <li
              class="mx-time-item"
              data-value="1570158000000"
            >
              11
            </li>
            
          </ul>
          
        </div>
        <div
          class="mx-scrollbar-track"
        >
          <div
            class="mx-scrollbar-thumb"
          />
        </div>
      </div>
      <div
        class="mx-scrollbar mx-time-column"
        style="position: relative; overflow: hidden;"
      >
        <div
          class="mx-scrollbar-wrap"
          style="margin-right: -0px;"
        >
          
          <ul
            class="mx-time-list"
            data-type="minute"
          >
            
            <li
              class="mx-time-item active"
              data-value="1570118400000"
            >
              00
            </li>
            <li
              class="mx-time-item"
              data-value="1570120200000"
            >
              30
            </li>
            
          </ul>
          
        </div>
        <div
          class="mx-scrollbar-track"
        >
          <div
            class="mx-scrollbar-thumb"
          />
        </div>
      </div>
      <div
        class="mx-scrollbar mx-time-column"
        style="position: relative; overflow: hidden;"
      >
        <div
          class="mx-scrollbar-wrap"
          style="margin-right: -0px;"
        >
          
          <ul
            class="mx-time-list"
            data-type="ampm"
          >
            
            <li
              class="mx-time-item active"
              data-value="1570118400000"
            >
              AM
            </li>
            <li
              class="mx-time-item"
              data-value="1570161600000"
            >
              PM
            </li>
            
          </ul>
          
        </div>
        <div
          class="mx-scrollbar-track"
        >
          <div
            class="mx-scrollbar-thumb"
          />
        </div>
      </div>
      
    </div>
  </div>
</div>
`;
